// Jest Snapshot v1, https://goo.gl/fbAQLP

exports[`Should render Main component 1`] = `<div />`;

exports[`Should render MoviePage component 1`] = `<div />`;
