// Jest Snapshot v1, https://goo.gl/fbAQLP

exports[`Should render MovieOverview component 1`] = `
Array [
  <div
    className="movie-rating"
  >
    <div
      className="movie-rating__score"
    >
      10
    </div>
    <p
      className="movie-rating__meta"
    >
      <span
        className="movie-rating__level"
      >
        Awesome
      </span>
      <span
        className="movie-rating__count"
      >
        1000000
         ratings
      </span>
    </p>
  </div>,
  <div
    className="movie-card__text"
  >
    <p>
      Some Description
    </p>
    <p
      className="movie-card__director"
    >
      <strong>
        Director: 
        Famous Director
      </strong>
    </p>
    <p
      className="movie-card__starring"
    >
      <strong>
        Starring:
        Actor One, Actor Two, Actor Three
         and other
      </strong>
    </p>
  </div>,
]
`;
