// Jest Snapshot v1, https://goo.gl/fbAQLP

exports[`Should render PrivateRoute component 1`] = `null`;
