// Jest Snapshot v1, https://goo.gl/fbAQLP

exports[`Should render Tabs component 1`] = `
<ul
  className="catalog__genres-list"
>
  <li
    className="catalog__genres-item catalog__genres-item--active"
  >
    <a
      className="catalog__genres-link"
      href="#"
      onClick={[Function]}
    >
      Overview
    </a>
  </li>
  <li
    className="catalog__genres-item false"
  >
    <a
      className="catalog__genres-link"
      href="#"
      onClick={[Function]}
    >
      Details
    </a>
  </li>
  <li
    className="catalog__genres-item false"
  >
    <a
      className="catalog__genres-link"
      href="#"
      onClick={[Function]}
    >
      Reviews
    </a>
  </li>
</ul>
`;
