// Jest Snapshot v1, https://goo.gl/fbAQLP

exports[`Should render TabCatalog component 1`] = `
<li
  className="catalog__genres-item false"
>
  <a
    className="catalog__genres-link"
    href="#"
    onClick={[Function]}
  >
    tabName
  </a>
</li>
`;
