// Jest Snapshot v1, https://goo.gl/fbAQLP

exports[`Should render AddReview component 1`] = `"ERROR"`;
