// Jest Snapshot v1, https://goo.gl/fbAQLP

exports[`render withForm 1`] = `<div />`;
